package generic

type Box[T any] struct {
	value T
}

// describe is called only from methods of the generic Box type and takes
// Box[T] as its own sole argument, using its own matching type parameter, so
// it can still be promoted to a method: T moves from describe's own
// type-parameter list into the receiver's.
func (b *Box[T]) describe() T { // want "describe is called only from methods of \\*Box; consider making it an unexported method"
	return b.value
}

func (b *Box[T]) Get() T {
	return b.describe()
}

func (b *Box[T]) Peek() T {
	return b.describe()
}
